[backblue.gif]
[fade.gif]
[index.html]
[localhost_8080/HowFormBuilder/images/edit.png]
[localhost_8080/HowFormBuilder/moduleList.html]
[localhost_8080/HowFormBuilder/styles/styles.css]
[localhost_8080/HowFormBuilder_/module.html]
[localhost_8080/HowFormBuilder/images/icon_h1.gif]
[localhost_8080/HowFormBuilder/images/spacer.gif]
[localhost_8080/HowFormBuilder_/module7b60.html]
[localhost_8080/HowFormBuilder_/formList235b.html]
[localhost_8080/HowFormBuilder_/module2ea7.html]
[localhost_8080/HowFormBuilder_/formList7561.html]
[localhost_8080/HowFormBuilder/images/pb_cabig.gif]
[localhost_8080/HowFormBuilder/images/07.jpg]
[localhost_8080/HowFormBuilder/images/01.jpg]
[localhost_8080/HowFormBuilder/images/alatabs.gif]
[localhost_8080/HowFormBuilder/images/banner.png]
[localhost_8080/HowFormBuilder/images/font_sm.html]
[localhost_8080/HowFormBuilder/images/font_m.html]
[localhost_8080/HowFormBuilder/images/font_lg.html]
[localhost_8080/HowFormBuilder/images/print.html]
[localhost_8080/HowFormBuilder/images/btn_login.html]
[localhost_8080/HowFormBuilder/images/foot.html]
[localhost_8080/HowFormBuilder_/includes/images/icon_h1.html]
[localhost_8080/HowFormBuilder_/form235b.html]
[localhost_8080/HowFormBuilder/formList9868.html]
[localhost_8080/HowFormBuilder_/form47b5.html]
[localhost_8080/HowFormBuilder_/images/delete.jpg]
[localhost_8080/HowFormBuilder_/questionListb73e.html]
[localhost_8080/HowFormBuilder/formList4c81.html]
[localhost_8080/HowFormBuilder/formListe1ea.html]
[localhost_8080/HowFormBuilder_/questionListaaca.html]
[localhost_8080/HowFormBuilder/formList2d8f.html]
[localhost_8080/HowFormBuilder_/questionList8551.html]
[localhost_8080/HowFormBuilder_/module235b.html]
[localhost_8080/HowFormBuilder/formList8a2f.html]
[localhost_8080/HowFormBuilder_/questionb73e.html]
[localhost_8080/HowFormBuilder_/contentb73e.html]
[localhost_8080/HowFormBuilder_/question9a46.html]
[localhost_8080/HowFormBuilder_/questionada6.html]
[localhost_8080/HowFormBuilder_/questiondd35.html]
[localhost_8080/HowFormBuilder_/questiona7ec.html]
[localhost_8080/HowFormBuilder_/question8870.html]
[localhost_8080/HowFormBuilder_/question2bd4.html]
[localhost_8080/HowFormBuilder_/question2260.html]
[localhost_8080/HowFormBuilder_/question8501.html]
[localhost_8080/HowFormBuilder_/questioned5c.html]
[localhost_8080/HowFormBuilder_/questionaaca.html]
[localhost_8080/HowFormBuilder_/contentaaca.html]
[localhost_8080/HowFormBuilder/formListaa2a.html]
[localhost_8080/HowFormBuilder_/question8551.html]
[localhost_8080/HowFormBuilder_/content8551.html]
