[external.html]
[backblue.gif]
[fade.gif]
[index.html]
[localhost_8080/HowFormBuilder_/moduleList.html]
[localhost_8080/HowFormBuilder/images/07.jpg]
[localhost_8080/HowFormBuilder/images/01.jpg]
[localhost_8080/HowFormBuilder/images/alatabs.gif]
[localhost_8080/HowFormBuilder/images/banner.png]
[localhost_8080/HowFormBuilder/styles/styles.css]
[localhost_8080/HowFormBuilder_/module.html]
[localhost_8080/HowFormBuilder_/images/icon_h1.gif]
[localhost_8080/HowFormBuilder_/images/spacer.gif]
[localhost_8080/HowFormBuilder_/module7b60.html]
[localhost_8080/HowFormBuilder_/images/edit.png]
[localhost_8080/HowFormBuilder_/formList235b.html]
[localhost_8080/HowFormBuilder_/module2ea7.html]
[localhost_8080/HowFormBuilder_/formList7561.html]
[localhost_8080/HowFormBuilder_/images/pb_cabig.gif]
[localhost_8080/HowFormBuilder/images/07.jpg]
[localhost_8080/HowFormBuilder/images/font_sm.html]
[localhost_8080/HowFormBuilder/images/font_m.html]
[localhost_8080/HowFormBuilder/images/font_lg.html]
[localhost_8080/HowFormBuilder/images/print.html]
[localhost_8080/HowFormBuilder/images/btn_login.html]
[localhost_8080/HowFormBuilder/images/foot.html]
[localhost_8080/HowFormBuilder_/includes/images/icon_h1.html]
[localhost_8080/HowFormBuilder_/form235b.html]
[localhost_8080/HowFormBuilder_/form47b5.html]
[localhost_8080/HowFormBuilder_/questionListb73e.html]
[localhost_8080/HowFormBuilder_/questionListaaca.html]
[localhost_8080/HowFormBuilder_/questionList8551.html]
